[2022-05-24T11:24:25.550+0100][gc] Using G1
[2022-05-24T11:24:25.555+0100][gc,init] Version: 17+35-2724 (release)
[2022-05-24T11:24:25.555+0100][gc,init] CPUs: 2 total, 2 available
[2022-05-24T11:24:25.555+0100][gc,init] Memory: 1950M
[2022-05-24T11:24:25.555+0100][gc,init] Large Page Support: Disabled
[2022-05-24T11:24:25.555+0100][gc,init] NUMA Support: Disabled
[2022-05-24T11:24:25.555+0100][gc,init] Compressed Oops: Enabled (32-bit)
[2022-05-24T11:24:25.555+0100][gc,init] Heap Region Size: 1M
[2022-05-24T11:24:25.555+0100][gc,init] Heap Min Capacity: 1G
[2022-05-24T11:24:25.555+0100][gc,init] Heap Initial Capacity: 1G
[2022-05-24T11:24:25.555+0100][gc,init] Heap Max Capacity: 1G
[2022-05-24T11:24:25.555+0100][gc,init] Pre-touch: Disabled
[2022-05-24T11:24:25.555+0100][gc,init] Parallel Workers: 2
[2022-05-24T11:24:25.555+0100][gc,init] Concurrent Workers: 1
[2022-05-24T11:24:25.555+0100][gc,init] Concurrent Refinement Workers: 2
[2022-05-24T11:24:25.555+0100][gc,init] Periodic GC: Disabled
[2022-05-24T11:24:25.555+0100][gc,metaspace] CDS archive(s) mapped at: [0x0000000800000000-0x0000000800be0000-0x0000000800be0000), size 12451840, SharedBaseAddress: 0x0000000800000000, ArchiveRelocationMode: 0.
[2022-05-24T11:24:25.555+0100][gc,metaspace] Compressed class space mapped at: 0x0000000800c00000-0x0000000840c00000, reserved size: 1073741824
[2022-05-24T11:24:25.555+0100][gc,metaspace] Narrow klass base: 0x0000000800000000, Narrow klass shift: 0, Narrow klass range: 0x100000000
[2022-05-24T11:24:26.668+0100][gc,start    ] GC(0) Pause Young (Normal) (G1 Evacuation Pause)
[2022-05-24T11:24:26.668+0100][gc,task     ] GC(0) Using 2 workers of 2 for evacuation
[2022-05-24T11:24:26.676+0100][gc,phases   ] GC(0)   Pre Evacuate Collection Set: 0.1ms
[2022-05-24T11:24:26.676+0100][gc,phases   ] GC(0)   Merge Heap Roots: 0.0ms
[2022-05-24T11:24:26.676+0100][gc,phases   ] GC(0)   Evacuate Collection Set: 7.4ms
[2022-05-24T11:24:26.676+0100][gc,phases   ] GC(0)   Post Evacuate Collection Set: 0.6ms
[2022-05-24T11:24:26.676+0100][gc,phases   ] GC(0)   Other: 0.2ms
[2022-05-24T11:24:26.676+0100][gc,heap     ] GC(0) Eden regions: 51->0(44)
[2022-05-24T11:24:26.676+0100][gc,heap     ] GC(0) Survivor regions: 0->7(7)
[2022-05-24T11:24:26.676+0100][gc,heap     ] GC(0) Old regions: 0->0
[2022-05-24T11:24:26.676+0100][gc,heap     ] GC(0) Archive regions: 2->2
[2022-05-24T11:24:26.676+0100][gc,heap     ] GC(0) Humongous regions: 0->0
[2022-05-24T11:24:26.676+0100][gc,metaspace] GC(0) Metaspace: 18962K(19136K)->18962K(19136K) NonClass: 16674K(16768K)->16674K(16768K) Class: 2288K(2368K)->2288K(2368K)
[2022-05-24T11:24:26.676+0100][gc          ] GC(0) Pause Young (Normal) (G1 Evacuation Pause) 52M->8M(1024M) 8.439ms
[2022-05-24T11:24:26.676+0100][gc,cpu      ] GC(0) User=0.02s Sys=0.00s Real=0.01s
[2022-05-24T11:24:26.852+0100][gc,start    ] GC(1) Pause Young (Concurrent Start) (Metadata GC Threshold)
[2022-05-24T11:24:26.852+0100][gc,task     ] GC(1) Using 2 workers of 2 for evacuation
[2022-05-24T11:24:26.862+0100][gc,phases   ] GC(1)   Pre Evacuate Collection Set: 0.1ms
[2022-05-24T11:24:26.862+0100][gc,phases   ] GC(1)   Merge Heap Roots: 0.0ms
[2022-05-24T11:24:26.862+0100][gc,phases   ] GC(1)   Evacuate Collection Set: 9.1ms
[2022-05-24T11:24:26.862+0100][gc,phases   ] GC(1)   Post Evacuate Collection Set: 0.5ms
[2022-05-24T11:24:26.862+0100][gc,phases   ] GC(1)   Other: 0.1ms
[2022-05-24T11:24:26.862+0100][gc,heap     ] GC(1) Eden regions: 10->0(50)
[2022-05-24T11:24:26.862+0100][gc,heap     ] GC(1) Survivor regions: 7->1(7)
[2022-05-24T11:24:26.862+0100][gc,heap     ] GC(1) Old regions: 0->8
[2022-05-24T11:24:26.862+0100][gc,heap     ] GC(1) Archive regions: 2->2
[2022-05-24T11:24:26.862+0100][gc,heap     ] GC(1) Humongous regions: 0->0
[2022-05-24T11:24:26.862+0100][gc,metaspace] GC(1) Metaspace: 21338K(21504K)->21338K(21504K) NonClass: 18742K(18816K)->18742K(18816K) Class: 2595K(2688K)->2595K(2688K)
[2022-05-24T11:24:26.862+0100][gc          ] GC(1) Pause Young (Concurrent Start) (Metadata GC Threshold) 17M->9M(1024M) 9.939ms
[2022-05-24T11:24:26.862+0100][gc,cpu      ] GC(1) User=0.02s Sys=0.00s Real=0.01s
[2022-05-24T11:24:26.862+0100][gc          ] GC(2) Concurrent Mark Cycle
[2022-05-24T11:24:26.862+0100][gc,marking  ] GC(2) Concurrent Clear Claimed Marks
[2022-05-24T11:24:26.862+0100][gc,marking  ] GC(2) Concurrent Clear Claimed Marks 0.013ms
[2022-05-24T11:24:26.862+0100][gc,marking  ] GC(2) Concurrent Scan Root Regions
[2022-05-24T11:24:26.866+0100][gc,marking  ] GC(2) Concurrent Scan Root Regions 3.553ms
[2022-05-24T11:24:26.866+0100][gc,marking  ] GC(2) Concurrent Mark
[2022-05-24T11:24:26.866+0100][gc,marking  ] GC(2) Concurrent Mark From Roots
[2022-05-24T11:24:26.866+0100][gc,task     ] GC(2) Using 1 workers of 1 for marking
[2022-05-24T11:24:26.869+0100][gc,marking  ] GC(2) Concurrent Mark From Roots 3.354ms
[2022-05-24T11:24:26.869+0100][gc,marking  ] GC(2) Concurrent Preclean
[2022-05-24T11:24:26.869+0100][gc,marking  ] GC(2) Concurrent Preclean 0.020ms
[2022-05-24T11:24:26.869+0100][gc,start    ] GC(2) Pause Remark
[2022-05-24T11:24:26.872+0100][gc          ] GC(2) Pause Remark 9M->9M(1024M) 2.810ms
[2022-05-24T11:24:26.872+0100][gc,cpu      ] GC(2) User=0.00s Sys=0.00s Real=0.01s
[2022-05-24T11:24:26.872+0100][gc,marking  ] GC(2) Concurrent Mark 6.389ms
[2022-05-24T11:24:26.872+0100][gc,marking  ] GC(2) Concurrent Rebuild Remembered Sets
[2022-05-24T11:24:26.876+0100][gc,marking  ] GC(2) Concurrent Rebuild Remembered Sets 3.713ms
[2022-05-24T11:24:26.878+0100][gc,start    ] GC(2) Pause Cleanup
[2022-05-24T11:24:26.878+0100][gc          ] GC(2) Pause Cleanup 9M->9M(1024M) 0.121ms
[2022-05-24T11:24:26.878+0100][gc,cpu      ] GC(2) User=0.00s Sys=0.00s Real=0.00s
[2022-05-24T11:24:26.878+0100][gc,marking  ] GC(2) Concurrent Cleanup for Next Mark
[2022-05-24T11:24:26.884+0100][gc,marking  ] GC(2) Concurrent Cleanup for Next Mark 5.216ms
[2022-05-24T11:24:26.884+0100][gc          ] GC(2) Concurrent Mark Cycle 21.328ms
[2022-05-24T11:24:27.836+0100][gc,start    ] GC(3) Pause Young (Normal) (G1 Evacuation Pause)
[2022-05-24T11:24:27.836+0100][gc,task     ] GC(3) Using 2 workers of 2 for evacuation
[2022-05-24T11:24:27.844+0100][gc,phases   ] GC(3)   Pre Evacuate Collection Set: 0.1ms
[2022-05-24T11:24:27.844+0100][gc,phases   ] GC(3)   Merge Heap Roots: 0.1ms
[2022-05-24T11:24:27.844+0100][gc,phases   ] GC(3)   Evacuate Collection Set: 7.3ms
[2022-05-24T11:24:27.844+0100][gc,phases   ] GC(3)   Post Evacuate Collection Set: 0.6ms
[2022-05-24T11:24:27.844+0100][gc,phases   ] GC(3)   Other: 0.1ms
[2022-05-24T11:24:27.844+0100][gc,heap     ] GC(3) Eden regions: 50->0(45)
[2022-05-24T11:24:27.844+0100][gc,heap     ] GC(3) Survivor regions: 1->6(7)
[2022-05-24T11:24:27.844+0100][gc,heap     ] GC(3) Old regions: 8->8
[2022-05-24T11:24:27.844+0100][gc,heap     ] GC(3) Archive regions: 2->2
[2022-05-24T11:24:27.844+0100][gc,heap     ] GC(3) Humongous regions: 129->129
[2022-05-24T11:24:27.844+0100][gc,metaspace] GC(3) Metaspace: 31453K(31744K)->31453K(31744K) NonClass: 27852K(28032K)->27852K(28032K) Class: 3600K(3712K)->3600K(3712K)
[2022-05-24T11:24:27.844+0100][gc          ] GC(3) Pause Young (Normal) (G1 Evacuation Pause) 188M->142M(1024M) 8.262ms
[2022-05-24T11:24:27.844+0100][gc,cpu      ] GC(3) User=0.01s Sys=0.00s Real=0.01s
[2022-05-24T11:24:28.180+0100][gc,start    ] GC(4) Pause Young (Concurrent Start) (Metadata GC Threshold)
[2022-05-24T11:24:28.180+0100][gc,task     ] GC(4) Using 2 workers of 2 for evacuation
[2022-05-24T11:24:28.189+0100][gc,phases   ] GC(4)   Pre Evacuate Collection Set: 0.1ms
[2022-05-24T11:24:28.189+0100][gc,phases   ] GC(4)   Merge Heap Roots: 0.0ms
[2022-05-24T11:24:28.189+0100][gc,phases   ] GC(4)   Evacuate Collection Set: 8.3ms
[2022-05-24T11:24:28.189+0100][gc,phases   ] GC(4)   Post Evacuate Collection Set: 0.9ms
[2022-05-24T11:24:28.189+0100][gc,phases   ] GC(4)   Other: 0.2ms
[2022-05-24T11:24:28.189+0100][gc,heap     ] GC(4) Eden regions: 19->0(49)
[2022-05-24T11:24:28.189+0100][gc,heap     ] GC(4) Survivor regions: 6->2(7)
[2022-05-24T11:24:28.189+0100][gc,heap     ] GC(4) Old regions: 8->13
[2022-05-24T11:24:28.189+0100][gc,heap     ] GC(4) Archive regions: 2->2
[2022-05-24T11:24:28.189+0100][gc,heap     ] GC(4) Humongous regions: 129->129
[2022-05-24T11:24:28.189+0100][gc,metaspace] GC(4) Metaspace: 35866K(36160K)->35866K(36160K) NonClass: 31776K(31936K)->31776K(31936K) Class: 4090K(4224K)->4090K(4224K)
[2022-05-24T11:24:28.189+0100][gc          ] GC(4) Pause Young (Concurrent Start) (Metadata GC Threshold) 160M->144M(1024M) 9.649ms
[2022-05-24T11:24:28.189+0100][gc,cpu      ] GC(4) User=0.02s Sys=0.00s Real=0.01s
[2022-05-24T11:24:28.189+0100][gc          ] GC(5) Concurrent Mark Cycle
[2022-05-24T11:24:28.189+0100][gc,marking  ] GC(5) Concurrent Clear Claimed Marks
[2022-05-24T11:24:28.189+0100][gc,marking  ] GC(5) Concurrent Clear Claimed Marks 0.026ms
[2022-05-24T11:24:28.189+0100][gc,marking  ] GC(5) Concurrent Scan Root Regions
[2022-05-24T11:24:28.197+0100][gc,marking  ] GC(5) Concurrent Scan Root Regions 7.073ms
[2022-05-24T11:24:28.197+0100][gc,marking  ] GC(5) Concurrent Mark
[2022-05-24T11:24:28.197+0100][gc,marking  ] GC(5) Concurrent Mark From Roots
[2022-05-24T11:24:28.197+0100][gc,task     ] GC(5) Using 1 workers of 1 for marking
[2022-05-24T11:24:28.253+0100][gc,marking  ] GC(5) Concurrent Mark From Roots 55.972ms
[2022-05-24T11:24:28.253+0100][gc,marking  ] GC(5) Concurrent Preclean
[2022-05-24T11:24:28.253+0100][gc,marking  ] GC(5) Concurrent Preclean 0.082ms
[2022-05-24T11:24:28.255+0100][gc,start    ] GC(5) Pause Remark
[2022-05-24T11:24:28.259+0100][gc          ] GC(5) Pause Remark 147M->147M(1024M) 4.409ms
[2022-05-24T11:24:28.259+0100][gc,cpu      ] GC(5) User=0.01s Sys=0.00s Real=0.00s
[2022-05-24T11:24:28.259+0100][gc,marking  ] GC(5) Concurrent Mark 62.750ms
[2022-05-24T11:24:28.259+0100][gc,marking  ] GC(5) Concurrent Rebuild Remembered Sets
[2022-05-24T11:24:28.283+0100][gc,marking  ] GC(5) Concurrent Rebuild Remembered Sets 23.570ms
[2022-05-24T11:24:28.283+0100][gc,start    ] GC(5) Pause Cleanup
[2022-05-24T11:24:28.283+0100][gc          ] GC(5) Pause Cleanup 148M->148M(1024M) 0.116ms
[2022-05-24T11:24:28.283+0100][gc,cpu      ] GC(5) User=0.00s Sys=0.00s Real=0.00s
[2022-05-24T11:24:28.283+0100][gc,marking  ] GC(5) Concurrent Cleanup for Next Mark
[2022-05-24T11:24:28.289+0100][gc,marking  ] GC(5) Concurrent Cleanup for Next Mark 6.263ms
[2022-05-24T11:24:28.290+0100][gc          ] GC(5) Concurrent Mark Cycle 100.162ms
[2022-05-24T11:31:31.374+0100][gc,start    ] GC(6) Pause Young (Concurrent Start) (G1 Evacuation Pause)
[2022-05-24T11:31:31.374+0100][gc,task     ] GC(6) Using 2 workers of 2 for evacuation
[2022-05-24T11:31:31.390+0100][gc,phases   ] GC(6)   Pre Evacuate Collection Set: 0.2ms
[2022-05-24T11:31:31.390+0100][gc,phases   ] GC(6)   Merge Heap Roots: 0.1ms
[2022-05-24T11:31:31.390+0100][gc,phases   ] GC(6)   Evacuate Collection Set: 14.5ms
[2022-05-24T11:31:31.390+0100][gc,phases   ] GC(6)   Post Evacuate Collection Set: 1.0ms
[2022-05-24T11:31:31.390+0100][gc,phases   ] GC(6)   Other: 0.1ms
[2022-05-24T11:31:31.390+0100][gc,heap     ] GC(6) Eden regions: 49->0(46)
[2022-05-24T11:31:31.390+0100][gc,heap     ] GC(6) Survivor regions: 2->5(7)
[2022-05-24T11:31:31.390+0100][gc,heap     ] GC(6) Old regions: 13->13
[2022-05-24T11:31:31.390+0100][gc,heap     ] GC(6) Archive regions: 2->2
[2022-05-24T11:31:31.390+0100][gc,heap     ] GC(6) Humongous regions: 147->129
[2022-05-24T11:31:31.390+0100][gc,metaspace] GC(6) Metaspace: 41412K(41984K)->41412K(41984K) NonClass: 36474K(36800K)->36474K(36800K) Class: 4937K(5184K)->4937K(5184K)
[2022-05-24T11:31:31.390+0100][gc          ] GC(6) Pause Young (Concurrent Start) (G1 Evacuation Pause) 211M->147M(1024M) 15.896ms
[2022-05-24T11:31:31.390+0100][gc,cpu      ] GC(6) User=0.02s Sys=0.01s Real=0.01s
[2022-05-24T11:31:31.390+0100][gc          ] GC(7) Concurrent Mark Cycle
[2022-05-24T11:31:31.390+0100][gc,marking  ] GC(7) Concurrent Clear Claimed Marks
[2022-05-24T11:31:31.390+0100][gc,marking  ] GC(7) Concurrent Clear Claimed Marks 0.053ms
[2022-05-24T11:31:31.390+0100][gc,marking  ] GC(7) Concurrent Scan Root Regions
[2022-05-24T11:31:31.397+0100][gc,marking  ] GC(7) Concurrent Scan Root Regions 6.990ms
[2022-05-24T11:31:31.397+0100][gc,marking  ] GC(7) Concurrent Mark
[2022-05-24T11:31:31.397+0100][gc,marking  ] GC(7) Concurrent Mark From Roots
[2022-05-24T11:31:31.397+0100][gc,task     ] GC(7) Using 1 workers of 1 for marking
[2022-05-24T11:31:31.420+0100][gc,marking  ] GC(7) Concurrent Mark From Roots 23.002ms
[2022-05-24T11:31:31.420+0100][gc,marking  ] GC(7) Concurrent Preclean
[2022-05-24T11:31:31.420+0100][gc,marking  ] GC(7) Concurrent Preclean 0.097ms
[2022-05-24T11:31:31.421+0100][gc,start    ] GC(7) Pause Remark
[2022-05-24T11:31:31.428+0100][gc          ] GC(7) Pause Remark 147M->147M(1024M) 7.583ms
[2022-05-24T11:31:31.428+0100][gc,cpu      ] GC(7) User=0.01s Sys=0.00s Real=0.01s
[2022-05-24T11:31:31.428+0100][gc,marking  ] GC(7) Concurrent Mark 30.978ms
[2022-05-24T11:31:31.428+0100][gc,marking  ] GC(7) Concurrent Rebuild Remembered Sets
[2022-05-24T11:31:31.437+0100][gc,marking  ] GC(7) Concurrent Rebuild Remembered Sets 8.423ms
[2022-05-24T11:31:31.437+0100][gc,start    ] GC(7) Pause Cleanup
[2022-05-24T11:31:31.437+0100][gc          ] GC(7) Pause Cleanup 147M->147M(1024M) 0.117ms
[2022-05-24T11:31:31.437+0100][gc,cpu      ] GC(7) User=0.00s Sys=0.00s Real=0.00s
[2022-05-24T11:31:31.437+0100][gc,marking  ] GC(7) Concurrent Cleanup for Next Mark
[2022-05-24T11:31:31.438+0100][gc,marking  ] GC(7) Concurrent Cleanup for Next Mark 0.930ms
[2022-05-24T11:31:31.438+0100][gc          ] GC(7) Concurrent Mark Cycle 47.800ms
[2022-05-24T11:44:51.424+0100][gc,start    ] GC(8) Pause Young (Normal) (G1 Evacuation Pause)
[2022-05-24T11:44:51.424+0100][gc,task     ] GC(8) Using 2 workers of 2 for evacuation
[2022-05-24T11:44:51.433+0100][gc,phases   ] GC(8)   Pre Evacuate Collection Set: 0.1ms
[2022-05-24T11:44:51.433+0100][gc,phases   ] GC(8)   Merge Heap Roots: 0.1ms
[2022-05-24T11:44:51.433+0100][gc,phases   ] GC(8)   Evacuate Collection Set: 8.0ms
[2022-05-24T11:44:51.433+0100][gc,phases   ] GC(8)   Post Evacuate Collection Set: 0.7ms
[2022-05-24T11:44:51.433+0100][gc,phases   ] GC(8)   Other: 0.1ms
[2022-05-24T11:44:51.433+0100][gc,heap     ] GC(8) Eden regions: 46->0(49)
[2022-05-24T11:44:51.433+0100][gc,heap     ] GC(8) Survivor regions: 5->2(7)
[2022-05-24T11:44:51.433+0100][gc,heap     ] GC(8) Old regions: 13->16
[2022-05-24T11:44:51.433+0100][gc,heap     ] GC(8) Archive regions: 2->2
[2022-05-24T11:44:51.433+0100][gc,heap     ] GC(8) Humongous regions: 129->129
[2022-05-24T11:44:51.433+0100][gc,metaspace] GC(8) Metaspace: 41673K(42304K)->41673K(42304K) NonClass: 36709K(37056K)->36709K(37056K) Class: 4963K(5248K)->4963K(5248K)
[2022-05-24T11:44:51.433+0100][gc          ] GC(8) Pause Young (Normal) (G1 Evacuation Pause) 193M->147M(1024M) 9.021ms
[2022-05-24T11:44:51.433+0100][gc,cpu      ] GC(8) User=0.02s Sys=0.00s Real=0.01s
[2022-05-24T12:00:12.499+0100][gc,start    ] GC(9) Pause Young (Normal) (G1 Evacuation Pause)
[2022-05-24T12:00:12.499+0100][gc,task     ] GC(9) Using 2 workers of 2 for evacuation
[2022-05-24T12:00:12.506+0100][gc,phases   ] GC(9)   Pre Evacuate Collection Set: 0.1ms
[2022-05-24T12:00:12.506+0100][gc,phases   ] GC(9)   Merge Heap Roots: 0.0ms
[2022-05-24T12:00:12.506+0100][gc,phases   ] GC(9)   Evacuate Collection Set: 6.0ms
[2022-05-24T12:00:12.506+0100][gc,phases   ] GC(9)   Post Evacuate Collection Set: 0.5ms
[2022-05-24T12:00:12.506+0100][gc,phases   ] GC(9)   Other: 0.1ms
[2022-05-24T12:00:12.506+0100][gc,heap     ] GC(9) Eden regions: 49->0(47)
[2022-05-24T12:00:12.506+0100][gc,heap     ] GC(9) Survivor regions: 2->4(7)
[2022-05-24T12:00:12.506+0100][gc,heap     ] GC(9) Old regions: 16->16
[2022-05-24T12:00:12.506+0100][gc,heap     ] GC(9) Archive regions: 2->2
[2022-05-24T12:00:12.506+0100][gc,heap     ] GC(9) Humongous regions: 129->129
[2022-05-24T12:00:12.506+0100][gc,metaspace] GC(9) Metaspace: 41855K(42496K)->41855K(42496K) NonClass: 36876K(37248K)->36876K(37248K) Class: 4978K(5248K)->4978K(5248K)
[2022-05-24T12:00:12.506+0100][gc          ] GC(9) Pause Young (Normal) (G1 Evacuation Pause) 196M->148M(1024M) 6.745ms
[2022-05-24T12:00:12.506+0100][gc,cpu      ] GC(9) User=0.01s Sys=0.00s Real=0.01s
[2022-05-24T12:16:11.512+0100][gc,start    ] GC(10) Pause Young (Normal) (G1 Evacuation Pause)
[2022-05-24T12:16:11.512+0100][gc,task     ] GC(10) Using 2 workers of 2 for evacuation
[2022-05-24T12:16:11.520+0100][gc,phases   ] GC(10)   Pre Evacuate Collection Set: 0.1ms
[2022-05-24T12:16:11.520+0100][gc,phases   ] GC(10)   Merge Heap Roots: 0.1ms
[2022-05-24T12:16:11.520+0100][gc,phases   ] GC(10)   Evacuate Collection Set: 7.0ms
[2022-05-24T12:16:11.520+0100][gc,phases   ] GC(10)   Post Evacuate Collection Set: 0.6ms
[2022-05-24T12:16:11.520+0100][gc,phases   ] GC(10)   Other: 0.1ms
[2022-05-24T12:16:11.520+0100][gc,heap     ] GC(10) Eden regions: 47->0(46)
[2022-05-24T12:16:11.520+0100][gc,heap     ] GC(10) Survivor regions: 4->5(7)
[2022-05-24T12:16:11.520+0100][gc,heap     ] GC(10) Old regions: 16->16
[2022-05-24T12:16:11.520+0100][gc,heap     ] GC(10) Archive regions: 2->2
[2022-05-24T12:16:11.520+0100][gc,heap     ] GC(10) Humongous regions: 129->129
[2022-05-24T12:16:11.520+0100][gc,metaspace] GC(10) Metaspace: 41955K(42560K)->41955K(42560K) NonClass: 36977K(37312K)->36977K(37312K) Class: 4978K(5248K)->4978K(5248K)
[2022-05-24T12:16:11.520+0100][gc          ] GC(10) Pause Young (Normal) (G1 Evacuation Pause) 195M->150M(1024M) 7.987ms
[2022-05-24T12:16:11.520+0100][gc,cpu      ] GC(10) User=0.01s Sys=0.00s Real=0.00s
[2022-05-24T12:31:18.475+0100][gc,start    ] GC(11) Pause Young (Normal) (G1 Evacuation Pause)
[2022-05-24T12:31:18.475+0100][gc,task     ] GC(11) Using 2 workers of 2 for evacuation
[2022-05-24T12:31:18.487+0100][gc,phases   ] GC(11)   Pre Evacuate Collection Set: 0.1ms
[2022-05-24T12:31:18.487+0100][gc,phases   ] GC(11)   Merge Heap Roots: 0.1ms
[2022-05-24T12:31:18.487+0100][gc,phases   ] GC(11)   Evacuate Collection Set: 11.6ms
[2022-05-24T12:31:18.487+0100][gc,phases   ] GC(11)   Post Evacuate Collection Set: 0.5ms
[2022-05-24T12:31:18.487+0100][gc,phases   ] GC(11)   Other: 0.2ms
[2022-05-24T12:31:18.487+0100][gc,heap     ] GC(11) Eden regions: 46->0(45)
[2022-05-24T12:31:18.487+0100][gc,heap     ] GC(11) Survivor regions: 5->6(7)
[2022-05-24T12:31:18.487+0100][gc,heap     ] GC(11) Old regions: 16->18
[2022-05-24T12:31:18.487+0100][gc,heap     ] GC(11) Archive regions: 2->2
[2022-05-24T12:31:18.487+0100][gc,heap     ] GC(11) Humongous regions: 129->129
[2022-05-24T12:31:18.487+0100][gc,metaspace] GC(11) Metaspace: 42040K(42624K)->42040K(42624K) NonClass: 37056K(37376K)->37056K(37376K) Class: 4984K(5248K)->4984K(5248K)
[2022-05-24T12:31:18.487+0100][gc          ] GC(11) Pause Young (Normal) (G1 Evacuation Pause) 196M->153M(1024M) 12.477ms
[2022-05-24T12:31:18.487+0100][gc,cpu      ] GC(11) User=0.03s Sys=0.00s Real=0.01s
[2022-05-24T12:46:58.475+0100][gc,start    ] GC(12) Pause Young (Normal) (G1 Evacuation Pause)
[2022-05-24T12:46:58.475+0100][gc,task     ] GC(12) Using 2 workers of 2 for evacuation
[2022-05-24T12:46:58.484+0100][gc,phases   ] GC(12)   Pre Evacuate Collection Set: 0.1ms
[2022-05-24T12:46:58.484+0100][gc,phases   ] GC(12)   Merge Heap Roots: 0.1ms
[2022-05-24T12:46:58.484+0100][gc,phases   ] GC(12)   Evacuate Collection Set: 8.5ms
[2022-05-24T12:46:58.484+0100][gc,phases   ] GC(12)   Post Evacuate Collection Set: 0.4ms
[2022-05-24T12:46:58.484+0100][gc,phases   ] GC(12)   Other: 0.1ms
[2022-05-24T12:46:58.484+0100][gc,heap     ] GC(12) Eden regions: 45->0(48)
[2022-05-24T12:46:58.484+0100][gc,heap     ] GC(12) Survivor regions: 6->3(7)
[2022-05-24T12:46:58.484+0100][gc,heap     ] GC(12) Old regions: 18->22
[2022-05-24T12:46:58.484+0100][gc,heap     ] GC(12) Archive regions: 2->2
[2022-05-24T12:46:58.484+0100][gc,heap     ] GC(12) Humongous regions: 129->129
[2022-05-24T12:46:58.484+0100][gc,metaspace] GC(12) Metaspace: 42052K(42624K)->42052K(42624K) NonClass: 37068K(37376K)->37068K(37376K) Class: 4984K(5248K)->4984K(5248K)
[2022-05-24T12:46:58.484+0100][gc          ] GC(12) Pause Young (Normal) (G1 Evacuation Pause) 198M->153M(1024M) 9.307ms
[2022-05-24T12:46:58.484+0100][gc,cpu      ] GC(12) User=0.02s Sys=0.00s Real=0.01s
[2022-05-24T13:01:28.272+0100][gc,start    ] GC(13) Pause Young (Normal) (G1 Evacuation Pause)
[2022-05-24T13:01:28.272+0100][gc,task     ] GC(13) Using 2 workers of 2 for evacuation
[2022-05-24T13:01:28.278+0100][gc,phases   ] GC(13)   Pre Evacuate Collection Set: 0.1ms
[2022-05-24T13:01:28.278+0100][gc,phases   ] GC(13)   Merge Heap Roots: 0.1ms
[2022-05-24T13:01:28.278+0100][gc,phases   ] GC(13)   Evacuate Collection Set: 4.6ms
[2022-05-24T13:01:28.278+0100][gc,phases   ] GC(13)   Post Evacuate Collection Set: 0.5ms
[2022-05-24T13:01:28.278+0100][gc,phases   ] GC(13)   Other: 0.1ms
[2022-05-24T13:01:28.278+0100][gc,heap     ] GC(13) Eden regions: 48->0(48)
[2022-05-24T13:01:28.278+0100][gc,heap     ] GC(13) Survivor regions: 3->3(7)
[2022-05-24T13:01:28.278+0100][gc,heap     ] GC(13) Old regions: 22->22
[2022-05-24T13:01:28.278+0100][gc,heap     ] GC(13) Archive regions: 2->2
[2022-05-24T13:01:28.278+0100][gc,heap     ] GC(13) Humongous regions: 129->129
[2022-05-24T13:01:28.278+0100][gc,metaspace] GC(13) Metaspace: 42685K(43264K)->42685K(43264K) NonClass: 37560K(37888K)->37560K(37888K) Class: 5124K(5376K)->5124K(5376K)
[2022-05-24T13:01:28.278+0100][gc          ] GC(13) Pause Young (Normal) (G1 Evacuation Pause) 201M->153M(1024M) 5.413ms
[2022-05-24T13:01:28.278+0100][gc,cpu      ] GC(13) User=0.00s Sys=0.00s Real=0.00s
[2022-05-24T13:01:28.290+0100][gc,heap,exit] Heap
[2022-05-24T13:01:28.290+0100][gc,heap,exit]  garbage-first heap   total 1048576K, used 158963K [0x00000000c0000000, 0x0000000100000000)
[2022-05-24T13:01:28.290+0100][gc,heap,exit]   region size 1024K, 5 young (5120K), 3 survivors (3072K)
[2022-05-24T13:01:28.290+0100][gc,heap,exit]  Metaspace       used 42712K, committed 43264K, reserved 1089536K
[2022-05-24T13:01:28.290+0100][gc,heap,exit]   class space    used 5132K, committed 5376K, reserved 1048576K
